∫ \int
∞ \infty
√ \sqrt
π \pi
≤ \leq
≥ \geq
± \pm
× \times
÷ \div
α \alpha
β \beta
γ \gamma
δ \delta
ε \epsilon
θ \theta
λ \lambda
μ \mu
σ \sigma
φ \phi
ω \omega
Γ \Gamma
Δ \Delta
Θ \Theta
Λ \Lambda
Σ \Sigma
Φ \Phi
Ω \Omega
⁰ ^{0}
¹ ^{1}
² ^{2}
³ ^{3}
⁴ ^{4}
⁵ ^{5}
⁶ ^{6}
⁷ ^{7}
⁸ ^{8}
⁹ ^{9}
⁺ ^{+}
⁻ ^{-}
⁼ ^{=}
⁽ ^{(}
⁾ ^{)}
ⁿ ^{n}
ⁱ ^{i}
₀ _{0}
₁ _{1}
₂ _{2}
₃ _{3}
₄ _{4}
₅ _{5}
₆ _{6}
₇ _{7}
₈ _{8}
₉ _{9}
₊ _{+}
₋ _{-}
₌ _{=}
₍ _{(}
₎ _{)}
∀ \forall
∃ \exists
∅ \emptyset
∈ \in
∉ \notin
∋ \ni
∏ \prod
∑ \sum
− -
∗ *
∘ \circ
∧ \wedge
∨ \vee
∩ \cap
∪ \cup
∂ \partial
∇ \nabla
≃ \simeq
≅ \cong
≈ \approx
≠ \neq
≡ \equiv
≤ \leq
≥ \geq
⊂ \subset
⊃ \supset
⊆ \subseteq
⊇ \supseteq
⊥ \perp
⋅ \cdot
⋆ \star
∙ \bullet
∠ \angle
∴ \therefore
∼ \sim
≺ \prec
≻ \succ
⊕ \oplus
⊗ \otimes
⊥ \perp
⊥ \bot
↑ \uparrow
↓ \downarrow
→ \rightarrow
← \leftarrow
↔ \leftrightarrow
↕ \updownarrow
↵ \hookleftarrow
⇔ \Leftrightarrow
⇐ \Leftarrow
⇒ \Rightarrow
⇑ \Uparrow
⇓ \Downarrow
∼ \sim
≃ \simeq
≅ \cong
≈ \approx
≠ \neq
≡ \equiv
≤ \leq
≥ \geq
⊂ \subset
⊃ \supset
⊆ \subseteq
⊇ \supseteq
⊥ \perp
⋅ \cdot
⋆ \star
∙ \bullet
∠ \angle
∴ \therefore
∼ \sim
≺ \prec
≻ \succ
⊕ \oplus
⊗ \otimes
⊥ \perp
⊥ \bot
↑ \uparrow
↓ \downarrow
→ \rightarrow
← \leftarrow
↔ \leftrightarrow
↕ \updownarrow
↵ \hookleftarrow
⇔ \Leftrightarrow
⇐ \Leftarrow
⇒ \Rightarrow
⇑ \Uparrow
⇓ \Downarrow
⌈ \lceil
⌉ \rceil
⌊ \lfloor
⌋ \rfloor
⟨ \langle
⟩ \rangle
⟨ \langle
⟩ \rangle
ℵ \aleph
ℏ \hbar
∂ \partial
∇ \nabla
∃ \exists
∀ \forall
∁ \complement
∂ \partial
∅ \emptyset
∇ \nabla
∈ \in
∉ \notin
∋ \ni
∏ \prod
∑ \sum
− -
∗ *
∘ \circ
∧ \wedge
∨ \vee
∩ \cap
∪ \cup
∂ \partial
∇ \nabla
≃ \simeq
≅ \cong
≈ \approx
≠ \neq
≡ \equiv
≤ \leq
≥ \geq
⊂ \subset
⊃ \supset
⊆ \subseteq
⊇ \supseteq
⊥ \perp
⋅ \cdot
⋆ \star
∙ \bullet
∠ \angle
∴ \therefore
∼ \sim
≺ \prec
≻ \succ
⊕ \oplus
⊗ \otimes
⊥ \perp
⊥ \bot
↑ \uparrow
↓ \downarrow
→ \rightarrow
← \leftarrow
↔ \leftrightarrow
↕ \updownarrow
↵ \hookleftarrow
⇔ \Leftrightarrow
⇐ \Leftarrow
⇒ \Rightarrow
⇑ \Uparrow
⇓ \Downarrow
⌈ \lceil
⌉ \rceil
⌊ \lfloor
⌋ \rfloor
⟨ \langle
⟩ \rangle
⟨ \langle
⟩ \rangle
ℵ \aleph
ℏ \hbar
∂ \partial
∇ \nabla
∃ \exists
∀ \forall
∁ \complement
∂ \partial
∅ \emptyset
∇ \nabla
∈ \in
∉ \notin
∋ \ni
∏ \prod
∑ \sum
− -
∗ *
∘ \circ
∧ \wedge
∨ \vee
∩ \cap
∪ \cup
∂ \partial
∇ \nabla
≃ \simeq
≅ \cong
≈ \approx
≠ \neq
≡ \equiv
≤ \leq
≥ \geq
⊂ \subset
⊃ \supset
⊆ \subseteq
⊇ \supseteq
⊥ \perp
⋅ \cdot
⋆ \star
∙ \bullet
∠ \angle
∴ \therefore
∼ \sim
≺ \prec
≻ \succ
⊕ \oplus
⊗ \otimes
⊥ \perp
⊥ \bot
↑ \uparrow
↓ \downarrow
→ \rightarrow
← \leftarrow
↔ \leftrightarrow
↕ \updownarrow
↵ \hookleftarrow
⇔ \Leftrightarrow
⇐ \Leftarrow
⇒ \Rightarrow
⇑ \Uparrow
⇓ \Downarrow
⌈ \lceil
⌉ \rceil
⌊ \lfloor
⌋ \rfloor
⟨ \langle
⟩ \rangle
⟨ \langle
⟩ \rangle
ℵ \aleph
ℏ \hbar
∂ \partial
∇ \nabla
∃ \exists
∀ \forall
∁ \complement
∂ \partial
∅ \emptyset
∇ \nabla
∈ \in
∉ \notin
∋ \ni
∏ \prod
∑ \sum
− -
∗ *
∘ \circ
∧ \wedge
∨ \vee
∩ \cap
∪ \cup
∂ \partial
∇ \nabla
≃ \simeq
≅ \cong
≈ \approx
≠ \neq
≡ \equiv
≤ \leq
≥ \geq
⊂ \subset
⊃ \supset
⊆ \subseteq
⊇ \supseteq
⊥ \perp
⋅ \cdot
⋆ \star
∙ \bullet
∠ \angle
∴ \therefore
∼ \sim
≺ \prec
≻ \succ
⊕ \oplus
⊗ \otimes
⊥ \perp
⊥ \bot
↑ \uparrow
↓ \downarrow
→ \rightarrow
← \leftarrow
↔ \leftrightarrow
↕ \updownarrow
↵ \hookleftarrow
⇔ \Leftrightarrow
⇐ \Leftarrow
⇒ \Rightarrow
⇑ \Uparrow
⇓ \Downarrow
⌈ \lceil
⌉ \rceil
⌊ \lfloor
⌋ \rfloor
⟨ \langle
⟩ \rangle
⟨ \langle
⟩ \rangle
ℵ \aleph
ℏ \hbar
∂ \partial
∇ \nabla
∃ \exists
∀ \forall
∁ \complement
∂ \partial
∅ \emptyset
∇ \nabla
∈ \in
∉ \notin
∋ \ni
∏ \prod
∑ \sum
− -
∗ *
∘ \circ
∧ \wedge
∨ \vee
∩ \cap
∪ \cup
∂ \partial
∇ \nabla
≃ \simeq
≅ \cong
≈ \approx
≠ \neq
≡ \equiv
≤ \leq
≥ \geq
⊂ \subset
⊃ \supset
⊆ \subseteq
⊇ \supseteq
⊥ \perp
⋅ \cdot
⋆ \star
∙ \bullet
∠ \angle
∴ \therefore
∼ \sim
≺ \prec
≻ \succ
⊕ \oplus
⊗ \otimes
⊥ \perp
⊥ \bot
↑ \uparrow
↓ \downarrow
→ \rightarrow
← \leftarrow
↔ \leftrightarrow
↕ \updownarrow
↵ \hookleftarrow
⇔ \Leftrightarrow
⇐ \Leftarrow
⇒ \Rightarrow
⇑ \Uparrow
⇓ \Downarrow
⌈ \lceil
⌉ \rceil
⌊ \lfloor
⌋ \rfloor
⟨ \langle
⟩ \rangle
⟨ \langle
⟩ \rangle
ℵ \aleph
ℏ \hbar
∂ \partial
∇ \nabla
∃ \exists
∀ \forall
∁ \complement
∂ \partial
∅ \emptyset
∇ \nabla
∈ \in
∉ \notin
∋ \ni
∏ \prod
∑ \sum
− -
∗ *
∘ \circ
∧ \wedge
∨ \vee
∩ \cap
∪ \cup
∂ \partial
∇ \nabla
≃ \simeq
≅ \cong
≈ \approx
≠ \neq
≡ \equiv
≤ \leq
≥ \geq
⊂ \subset
⊃ \supset
⊆ \subseteq
⊇ \supseteq
⊥ \perp
⋅ \cdot
⋆ \star
∙ \bullet
∠ \angle
∴ \therefore
∼ \sim
≺ \prec
≻ \succ
⊕ \oplus
⊗ \otimes
⊥ \perp
⊥ \bot
↑ \uparrow
↓ \downarrow
→ \rightarrow
← \leftarrow
↔ \leftrightarrow
↕ \updownarrow
↵ \hookleftarrow
⇔ \Leftrightarrow
⇐ \Leftarrow
⇒ \Rightarrow
⇑ \Uparrow
⇓ \Downarrow
⌈ \lceil
⌉ \rceil
⌊ \lfloor
⌋ \rfloor
⟨ \langle
⟩ \rangle
⟨ \langle
⟩ \rangle
ℵ \aleph
ℏ \hbar
∂ \partial
∇ \nabla
∃ \exists
∀ \forall
∁ \complement
∂ \partial
∅ \emptyset
∇ \nabla
∈ \in
∉ \notin
∋ \ni
∏ \prod
∑ \sum
− -
∗ *
∘ \circ
∧ \wedge
∨ \vee
∩ \cap
∪ \cup
∂ \partial
∇ \nabla
≃ \simeq
≅ \cong
≈ \approx
≠ \neq
≡ \equiv
≤ \leq
≥ \geq
⊂ \subset
⊃ \supset
⊆ \subseteq
⊇ \supseteq
⊥ \perp
⋅ \cdot
⋆ \star
∙ \bullet
∠ \angle
∴ \therefore
∼ \sim
≺ \prec
≻ \succ
⊕ \oplus
⊗ \otimes
⊥ \perp
⊥ \bot
↑ \uparrow
↓ \downarrow
→ \rightarrow
← \leftarrow
↔ \leftrightarrow
↕ \updownarrow
↵ \hookleftarrow
⇔ \Leftrightarrow
⇐ \Leftarrow
⇒ \Rightarrow
⇑ \Uparrow
⇓ \DownArrow